[ADD-03-run-host-blind04-20261004T150508Z] ingest ...
STOPPED: ingest refused the candidate (exit 2): STRUCTURAL FAILURE: C05: 3 regions; unread ['ADD-03-p4-r1']; readings failing checks none; readings with no detected region none; readings with PARTIAL render checks none; PENDING HUMAN REVIEW: none
timings (wall clock per step):
  ingest                     18.0 s  stopped
  analysis                    0.0 s  pending
  validation                  0.0 s  pending
  downstream                  0.0 s  pending
  downstream_validation       0.0 s  pending
  promotion                   0.0 s  pending
  pin                         0.0 s  pending
  check_register              0.0 s  pending
  outputs                     0.0 s  pending
  diff                        0.0 s  pending
  review                      0.0 s  pending
  total (steps)              18.0 s  (0.3 min; target 30 min from the PDF to candidate outputs and review packet, human review excluded)
run ADD-03-run-host-blind04-20261004T150508Z: stopped (ingest refused the candidate (exit 2): STRUCTURAL FAILURE: C05: 3 regions; unread ['ADD-03-p4-r1']; readings failing checks none; readings with no detected region none; readings with PARTIAL render checks none; PENDING HUMAN REVIEW: none)
{
 "run_id": "ADD-03-run-host-blind04-20261004T150508Z",
 "addendum": "ADD-03",
 "status": "stopped",
 "status_reason": "ingest refused the candidate (exit 2): STRUCTURAL FAILURE: C05: 3 regions; unread ['ADD-03-p4-r1']; readings failing checks none; readings with no detected region none; readings with PARTIAL render checks none; PENDING HUMAN REVIEW: none",
 "exit_code": 0,
 "run_dir": "/home/user/tender-pack-reader/staging/ai/runs/ADD-03-run-host-blind04-20261004T150508Z",
 "provisions": {},
 "timings": {
  "ingest": 18.0,
  "analysis": 0.0,
  "validation": 0.0,
  "downstream": 0.0,
  "downstream_validation": 0.0,
  "promotion": 0.0,
  "pin": 0.0,
  "check_register": 0.0,
  "outputs": 0.0,
  "diff": 0.0,
  "review": 0.0
 },
 "total_seconds": 18.0,
 "review": "/home/user/tender-pack-reader/staging/ai/runs/ADD-03-run-host-blind04-20261004T150508Z/review/index.md",
 "waiting": []
}
exit 0
