E01 pass  evidence build structurally OK and built from the current inputs
C16 pass  217 rows x 4 stages; every quote and consequence quote of a current interpretation found in the effective text
C25 pass  no unit changed without an op targeting it
C12 pass  every row id in the ledger is present or withdrawn with a reason (0 withdrawn)
C47 pass  every word a unit gains at a stage is printed in that stage's addendum
C13 pass  21 A3 items, each with an explicit quoted consequence
C40 pass  every A5 activity cites an A1 row in force
C44 pass  every deliverable needed by a row in force has activities or a justified exception
C45 pass  every dependency and lead time is defined
C43 pass  A3 fits one page; smallest text 8.01 pt (scale 0.943)
C20 ADD-01 ok  36 provisions; unresolved or unaccounted: none
C21-C27 ADD-01 ok  15 ops; invalid: none
C20 ADD-02 ok  40 provisions; unresolved or unaccounted: none
C21-C27 ADD-02 ok  22 ops; invalid: none
C20 ADD-03 ok  35 provisions; unresolved or unaccounted: none
C21-C27 ADD-03 ok  27 ops; invalid: none
C11 ok  STALE rows: none
C30 ok  50 date/period phrases in force; uncovered: none; explicitly not computed: none
C32 ok  6 date rule(s) with unstated counting conventions: every reading shown (A1 Dates), planning uses the configured policy
C28 ADD-01 REPORTED  cover summary (5 claims) vs provisions: omitted 2, understated 1; report only, the summary is never applied (A2)
C28 ADD-02 REPORTED  cover summary (7 claims) vs provisions: consequence not mentioned 2, omitted 3, understated 1; report only, the summary is never applied (A2)
C28 ADD-03 REPORTED  cover summary (8 claims) vs provisions: contradicted 1, omitted 6, understated 3; report only, the summary is never applied (A2)
C46 ok  every new or amended obligation reaches A1, A3 where it carries a consequence, and A5
RELEASE BLOCKER [approval] 217 of 217 register rows not accepted by a person (a named decision bound to the current content): proposed 217
RELEASE BLOCKER [approval] 64 of 64 amendment op(s) not accepted by a person (a named decision bound to the current content): proposed 64
OUTPUTS PUBLISHED (WORKING DRAFT (not releasable)): /home/user/tender-pack-reader/rehearsals/blind-03/out-after-fixes
