E01 pass  evidence build structurally OK and built from the current inputs
C16 pass  202 rows x 4 stages; every quote and consequence quote of a current interpretation found in the effective text; quoted text changed under STALE rows (reported as C11): ['VOL-I-12.2-02@ADD-03', 'VOL-I-5.2-01@ADD-03', 'VOL-I-6.1-01@ADD-03', 'VOL-I-6.4-01@ADD-03', 'VOL-I-8.5-01@ADD-03', 'VOL-I-8.6-01@ADD-03', 'VOL-II-6.1-02@ADD-03']
C25 pass  no unit changed without an op targeting it
C12 pass  every row id in the ledger is present or withdrawn with a reason (0 withdrawn)
C47 pass  every word a unit gains at a stage is printed in that stage's addendum
C13 pass  18 A3 items, each with an explicit quoted consequence
C40 pass  every A5 activity cites an A1 row in force
C44 pass  every deliverable needed by a row in force has activities or a justified exception
C45 pass  every dependency and lead time is defined
C43 pass  A3 fits one page; smallest text 7.79 pt (scale 0.916)
C20 ADD-01 ok  36 provisions; unresolved or unaccounted: none
C21-C27 ADD-01 ok  15 ops; invalid: none
C20 ADD-02 ok  40 provisions; unresolved or unaccounted: none
C21-C27 ADD-02 ok  22 ops; invalid: none
C20 ADD-03 REPORTED  29 provisions; unresolved or unaccounted: ['ADD-03:1.2', 'ADD-03:2.2', 'ADD-03:2.3', 'ADD-03:3.1', 'ADD-03:5.1', 'ADD-03:6.1', 'ADD-03:8.2', 'ADD-03:9.2', 'ADD-03:10.1', 'ADD-03:11.1', 'ADD-03:11.2', 'ADD-03:12.1', 'ADD-03:12.2', 'ADD-03:Q15', 'ADD-03:Q16', 'ADD-03:Q17', 'ADD-03:Q18', 'ADD-03:Q19', 'ADD-03:Q20']
C21-C27 ADD-03 ok  10 ops; invalid: none
C11 REPORTED  STALE rows: ['VOL-I-6.1-01@ADD-03', 'VOL-I-5.2-01@ADD-03', 'VOL-I-6.3-01@ADD-03', 'VOL-I-6.4-01@ADD-03', 'VOL-I-6.4-02@ADD-03', 'VOL-I-7.1-01@ADD-03', 'VOL-I-8.3-01@ADD-01', 'VOL-I-8.3-01@ADD-02', 'VOL-I-8.3-01@ADD-03', 'VOL-I-8.5-01@ADD-03', 'VOL-I-8.6-01@ADD-03', 'VOL-I-3.4-01@ADD-01', 'VOL-I-3.4-01@ADD-02', 'VOL-I-3.4-01@ADD-03', 'VOL-I-6.7-01@ADD-01', 'VOL-I-6.7-01@ADD-02', 'VOL-I-6.7-01@ADD-03', 'VOL-I-12.2-01@ADD-03', 'VOL-I-12.2-02@ADD-03', 'VOL-II-6.1-01@ADD-03', 'VOL-II-6.1-02@ADD-03']
C30 ok  46 date/period phrases in force; uncovered: none; explicitly not computed: none
C32 ok  5 date rule(s) with unstated counting conventions: every reading shown (A1 Dates), planning uses the configured policy
C46 REPORTED  2 gap(s): ADD-03/cover/para3 [A1]; ADD-03/8.1 [A3]
RELEASE BLOCKER [coverage] ADD-03 is PARTIAL; unresolved provisions: ['ADD-03:1.2', 'ADD-03:2.2', 'ADD-03:2.3', 'ADD-03:3.1', 'ADD-03:5.1', 'ADD-03:6.1', 'ADD-03:8.2', 'ADD-03:9.2', 'ADD-03:10.1', 'ADD-03:11.1', 'ADD-03:11.2', 'ADD-03:12.1', 'ADD-03:12.2', 'ADD-03:Q15', 'ADD-03:Q16', 'ADD-03:Q17', 'ADD-03:Q18', 'ADD-03:Q19', 'ADD-03:Q20']
RELEASE BLOCKER [coverage] 2 C46 finding(s): ADD-03/8.1, ADD-03/cover/para3
RELEASE BLOCKER [stale] 15 row(s) STALE at ADD-03: VOL-I-6.1-01, VOL-I-5.2-01, VOL-I-6.3-01, VOL-I-6.4-01, VOL-I-6.4-02, VOL-I-7.1-01, VOL-I-8.3-01, VOL-I-8.5-01, VOL-I-8.6-01, VOL-I-3.4-01, VOL-I-6.7-01, VOL-I-12.2-01 ...
RELEASE BLOCKER [approval] image readings pending the owner's review: VOL-II-p3-r1, VOL-IV-p6-r1
RELEASE BLOCKER [approval] 202 of 202 register rows not accepted by a person (a named decision bound to the current content): proposed 202
RELEASE BLOCKER [approval] 47 of 47 amendment op(s) not accepted by a person (a named decision bound to the current content): proposed 47
OUTPUTS PUBLISHED (WORKING DRAFT (not releasable)): /home/user/tender-pack-reader/rehearsals/blind-01/out-drafted

real	0m12.166s
user	0m12.397s
sys	0m0.100s
