E01 pass  evidence build structurally OK and built from the current inputs
C16 pass  206 rows x 4 stages; every quote and consequence quote of a current interpretation found in the effective text; quoted text changed under STALE rows (reported as C11): ['VOL-IV-F4A-01@ADD-03']
C25 pass  no unit changed without an op targeting it
C12 pass  every row id in the ledger is present or withdrawn with a reason (0 withdrawn)
C47 pass  every word a unit gains at a stage is printed in that stage's addendum
C13 pass  20 A3 items, each with an explicit quoted consequence
C40 pass  every A5 activity cites an A1 row in force
C44 pass  every deliverable needed by a row in force has activities or a justified exception
C45 pass  every dependency and lead time is defined
C43 pass  A3 fits one page; smallest text 7.69 pt (scale 0.904)
C20 ADD-01 ok  36 provisions; unresolved or unaccounted: none
C21-C27 ADD-01 ok  15 ops; invalid: none
C20 ADD-02 ok  40 provisions; unresolved or unaccounted: none
C21-C27 ADD-02 ok  22 ops; invalid: none
C20 ADD-03 ok  29 provisions; unresolved or unaccounted: none
C21-C27 ADD-03 ok  28 ops; invalid: none
C11 REPORTED  STALE rows: ['VOL-I-6.3-01@ADD-03', 'VOL-I-6.4-02@ADD-03', 'VOL-I-7.1-01@ADD-03', 'VOL-I-8.3-01@ADD-01', 'VOL-I-8.3-01@ADD-02', 'VOL-I-8.3-01@ADD-03', 'VOL-IV-F4A-01@ADD-03', 'VOL-I-9.4-01@ADD-03', 'ADD-02-7.2-01@ADD-03', 'ADD-01-AppA-01@ADD-01', 'ADD-01-AppA-01@ADD-02', 'VOL-I-3.4-01@ADD-01', 'VOL-I-3.4-01@ADD-02', 'VOL-I-3.4-01@ADD-03', 'VOL-I-5.5-01@ADD-03', 'VOL-I-6.5-02@ADD-03', 'VOL-I-6.7-01@ADD-01', 'VOL-I-6.7-01@ADD-02', 'VOL-I-6.7-01@ADD-03', 'VOL-I-8.7-01@ADD-03', 'VOL-I-9.1-01@ADD-03', 'VOL-I-9.1h-01@ADD-03', 'VOL-I-9.2-01@ADD-03', 'VOL-I-9.5-01@ADD-03', 'VOL-I-9.6-01@ADD-03', 'VOL-I-9.7-01@ADD-03', 'VOL-I-10.5-01@ADD-03', 'VOL-I-10.5-02@ADD-03', 'VOL-I-10.6-01@ADD-03', 'VOL-I-12.2-01@ADD-03', 'VOL-II-5.2-01@ADD-03', 'VOL-II-6.1-01@ADD-03', 'VOL-II-7.2-01@ADD-03', 'VOL-IV-F4A-02@ADD-03', 'VOL-V-29.3-01@ADD-03', 'VOL-V-29.4-01@ADD-03']
C30 ok  48 date/period phrases in force; uncovered: none; explicitly not computed: none
C32 ok  5 date rule(s) with unstated counting conventions: every reading shown (A1 Dates), planning uses the configured policy
C46 ok  every new or amended obligation reaches A1, A3 where it carries a consequence, and A5
RELEASE BLOCKER [stale] 28 row(s) STALE at ADD-03: VOL-I-6.3-01, VOL-I-6.4-02, VOL-I-7.1-01, VOL-I-8.3-01, VOL-IV-F4A-01, VOL-I-9.4-01, ADD-02-7.2-01, VOL-I-3.4-01, VOL-I-5.5-01, VOL-I-6.5-02, VOL-I-6.7-01, VOL-I-8.7-01 ...
RELEASE BLOCKER [approval] image readings pending the owner's review: VOL-II-p3-r1, VOL-IV-p6-r1
RELEASE BLOCKER [approval] 206 of 206 register rows not accepted by a person (a named decision bound to the current content): proposed 206
RELEASE BLOCKER [approval] 65 of 65 amendment op(s) not accepted by a person (a named decision bound to the current content): proposed 65
OUTPUTS PUBLISHED (WORKING DRAFT (not releasable)): /home/user/tender-pack-reader/rehearsals/blind-01/out-curated

real	0m12.709s
user	0m12.845s
sys	0m0.100s
