[ADD-03-run-host-blind05-s12-20261005T114809Z] ingest ...
  ingest refused the candidate only for image regions with no reading ['ADD-03-p4-r1']: the readings step proposes readings (PENDING HUMAN REVIEW) and ingests again
[ADD-03-run-host-blind05-s12-20261005T114809Z] readings ...
  reading-ADD-03-p4-r1: failed (refused: refused: another orchestrator holds ADD-03: held by host run ADD-03-run-host-blind05-s12-20261005T114809Z (pid 26936, 0.3 min old); wait for it to finish, or a person removes it with --break-lock --by "Your Name")
STOPPED: no usable reading for the image region(s) ['ADD-03-p4-r1'] (ADD-03-p4-r1: refused: refused: another orchestrator holds ADD-03: held by host run ADD-03-run-host-blind05-s12-20261005T114809Z (pid 26936, 0.3 min old); wait for it to finish, or a person removes it with --break-lock --by "Your Name"); ingest cannot read the addendum without them. Resume to ask again: `tenderpack ai resume ADD-03-run-host-blind05-s12-20261005T114809Z`
timings (wall clock per step):
  ingest                     16.1 s  done
  readings                    0.4 s  stopped
  analysis                    0.0 s  pending
  validation                  0.0 s  pending
  downstream                  0.0 s  pending
  downstream_validation       0.0 s  pending
  critic                      0.0 s  pending
  promotion                   0.0 s  pending
  pin                         0.0 s  pending
  check_register              0.0 s  pending
  outputs                     0.0 s  pending
  diff                        0.0 s  pending
  review                      0.0 s  pending
  total (steps)              16.5 s  (0.3 min; target 30 min from the PDF to candidate outputs and review packet, human review excluded)
run ADD-03-run-host-blind05-s12-20261005T114809Z: stopped (no usable reading for the image region(s) ['ADD-03-p4-r1'] (ADD-03-p4-r1: refused: refused: another orchestrator holds ADD-03: held by host run ADD-03-run-host-blind05-s12-20261005T114809Z (pid 26936, 0.3 min old); wait for it to finish, or a person removes it with --break-lock --by "Your Name"); ingest cannot read the addendum without them. Resume to ask again: `tenderpack ai resume ADD-03-run-host-blind05-s12-20261005T114809Z`)
{
 "run_id": "ADD-03-run-host-blind05-s12-20261005T114809Z",
 "addendum": "ADD-03",
 "status": "stopped",
 "status_reason": "no usable reading for the image region(s) ['ADD-03-p4-r1'] (ADD-03-p4-r1: refused: refused: another orchestrator holds ADD-03: held by host run ADD-03-run-host-blind05-s12-20261005T114809Z (pid 26936, 0.3 min old); wait for it to finish, or a person removes it with --break-lock --by \"Your Name\"); ingest cannot read the addendum without them. Resume to ask again: `tenderpack ai resume ADD-03-run-host-blind05-s12-20261005T114809Z`",
 "exit_code": 0,
 "run_dir": "/home/user/tender-pack-reader/staging/ai/runs/ADD-03-run-host-blind05-s12-20261005T114809Z",
 "provisions": {},
 "timings": {
  "ingest": 16.1,
  "readings": 0.4,
  "analysis": 0.0,
  "validation": 0.0,
  "downstream": 0.0,
  "downstream_validation": 0.0,
  "critic": 0.0,
  "promotion": 0.0,
  "pin": 0.0,
  "check_register": 0.0,
  "outputs": 0.0,
  "diff": 0.0,
  "review": 0.0
 },
 "total_seconds": 16.5,
 "review": "/home/user/tender-pack-reader/staging/ai/runs/ADD-03-run-host-blind05-s12-20261005T114809Z/review/index.md",
 "waiting": [],
 "completeness": {
  "status": "partial",
  "reasons": [
   "promotion into the candidate did not run (step pending)",
   "the downstream step did not run (step pending)",
   "check-register did not run on the candidate (step pending)",
   "the candidate outputs were not built (step pending)"
  ]
 },
 "approval": "none"
}
exit 0 (ADD-03-run-host-blind05-s12-20261005T114809Z)
[ADD-03-run-host-blind05-s12-20261005T130341Z] ingest ...
  ingest refused the candidate only for image regions with no reading ['ADD-03-p4-r1']: the readings step proposes readings (PENDING HUMAN REVIEW) and ingests again
[ADD-03-run-host-blind05-s12-20261005T130341Z] readings ...
  reading-ADD-03-p4-r1: done (interpretation_pending; /home/user/tender-pack-reader/staging/ai/runs/ADD-03-run-host-blind05-s12-20261005T130341Z/candidate/curation/readings/ADD-03-p4-r1.yaml)
  ingest with the proposed readings: ok (602 units; readings PENDING HUMAN REVIEW: ['ADD-03-p4-r1'])
  candidate built: 63 provisions of ADD-03 (+15 structural units listed)
[ADD-03-run-host-blind05-s12-20261005T130341Z] analysis ...
  63 provisions in 10 batch(es) of at most 8
  analysis-001: done (10 item(s); run ADD-03-host-20261005T131242Z-7984)
  analysis-001 critic: done (3 reviewed, 0 disagree)
  analysis-002: done (6 item(s); run ADD-03-host-20261005T131228Z-539c)
  analysis-002 critic: done (4 reviewed, 0 disagree)
  analysis-003: done (3 item(s); run ADD-03-host-20261005T131541Z-b560)
  analysis-003 critic: done (2 reviewed, 0 disagree)
  analysis-004: done (8 item(s); run ADD-03-host-20261005T131914Z-bfd9)
  analysis-004 critic: done (8 reviewed, 0 disagree)
  analysis-005: done (6 item(s); run ADD-03-host-20261005T132051Z-592a)
  analysis-005 critic: done (6 reviewed, 0 disagree)
  analysis-006: done (8 item(s); run ADD-03-host-20261005T132405Z-d37a)
  analysis-006 critic: done (8 reviewed, 0 disagree)
  analysis-007: done (8 item(s); run ADD-03-host-20261005T132640Z-bb63)
  analysis-007 critic: done (8 reviewed, 0 disagree)
  analysis-008: done (8 item(s); run ADD-03-host-20261005T133143Z-a5fc)
  analysis-008 critic: done (8 reviewed, 0 disagree)
  analysis-009: done (5 item(s); run ADD-03-host-20261005T133037Z-0cf2)
  analysis-009 critic: done (4 reviewed, 0 disagree)
FAILED in analysis: ToolError: workspace stale: reload (changed since it was loaded: config/formulas.yaml)
timings (wall clock per step):
  ingest                     14.6 s  done
  readings                  188.4 s  done
  analysis                 1532.9 s  failed
  validation                  0.0 s  pending
  downstream                  0.0 s  pending
  downstream_validation       0.0 s  pending
  critic                      0.0 s  pending
  promotion                   0.0 s  pending
  pin                         0.0 s  pending
  check_register              0.0 s  pending
  outputs                     0.0 s  pending
  diff                        0.0 s  pending
  review                      0.0 s  pending
  total (steps)            1735.9 s  (28.9 min; target 30 min from the PDF to candidate outputs and review packet, human review excluded)
run ADD-03-run-host-blind05-s12-20261005T130341Z: failed (analysis: ToolError: workspace stale: reload (changed since it was loaded: config/formulas.yaml) (traceback in logs/error.log))
{
 "run_id": "ADD-03-run-host-blind05-s12-20261005T130341Z",
 "addendum": "ADD-03",
 "status": "failed",
 "status_reason": "analysis: ToolError: workspace stale: reload (changed since it was loaded: config/formulas.yaml) (traceback in logs/error.log)",
 "exit_code": 1,
 "run_dir": "/home/user/tender-pack-reader/staging/ai/runs/ADD-03-run-host-blind05-s12-20261005T130341Z",
 "provisions": {
  "validated": 57,
  "pending": 6
 },
 "timings": {
  "ingest": 14.6,
  "readings": 188.4,
  "analysis": 1532.9,
  "validation": 0.0,
  "downstream": 0.0,
  "downstream_validation": 0.0,
  "critic": 0.0,
  "promotion": 0.0,
  "pin": 0.0,
  "check_register": 0.0,
  "outputs": 0.0,
  "diff": 0.0,
  "review": 0.0
 },
 "total_seconds": 1735.9,
 "review": "/home/user/tender-pack-reader/staging/ai/runs/ADD-03-run-host-blind05-s12-20261005T130341Z/review/index.md",
 "waiting": [],
 "completeness": {
  "status": "partial",
  "reasons": [
   "promotion into the candidate did not run (step pending)",
   "the downstream step did not run (step pending)",
   "check-register did not run on the candidate (step pending)",
   "the candidate outputs were not built (step pending)"
  ]
 },
 "approval": "none"
}
exit 1 (ADD-03-run-host-blind05-s12-20261005T130341Z)
