E01 pass  evidence build structurally OK and built from the current inputs
C16 pass  206 rows x 4 stages; every quote and consequence quote of a current interpretation found in the effective text
C25 pass  no unit changed without an op targeting it
C12 pass  every row id in the ledger is present or withdrawn with a reason (0 withdrawn)
C47 pass  every word a unit gains at a stage is printed in that stage's addendum
C13 pass  17 A3 items, each with an explicit quoted consequence
C40 pass  every A5 activity cites an A1 row in force
C44 pass  every deliverable needed by a row in force has activities or a justified exception
C45 pass  every dependency and lead time is defined
C43 pass  A3 fits one page; smallest text 7.7 pt (scale 0.906)
C52 pass  2 confirmed translation(s) of approved readings; none called 'not reviewed' in the outputs
C20 ADD-01 ok  36 provisions; unresolved or unaccounted: none
C21-C27 ADD-01 ok  15 ops; invalid: none
C20 ADD-02 ok  40 provisions; unresolved or unaccounted: none
C21-C27 ADD-02 ok  22 ops; invalid: none
C20 ADD-03 REPORTED  57 provisions; unresolved or unaccounted: ['ADD-03:5.1', 'ADD-03:Q19', 'ADD-03:7.3', 'ADD-03:7.4', 'ADD-03:p4-image/hdr-en', 'ADD-03:p4-image/hdr-ar', 'ADD-03:p4-image/date', 'ADD-03:p4-image/ref', 'ADD-03:p4-image/subject', 'ADD-03:p4-image/tender-ref', 'ADD-03:p4-image/table-title', 'ADD-03:p4-image/table-intro', 'ADD-03:p4-image/note2', 'ADD-03:p4-image/note3', 'ADD-03:T5-1/note(1)', 'ADD-03:T5-1/note(2)', 'ADD-03:T5-1/note(3)']
C21-C27 ADD-03 ok  19 ops; invalid: none
C11 REPORTED  STALE rows: ['VOL-I-8.3-01@ADD-03', 'VOL-II-3.4-01@ADD-03']
C30 ok  46 date/period phrases in force; uncovered: none; explicitly not computed: none
C32 ok  5 date rule(s) with unstated counting conventions: every reading shown (A1 Dates), planning uses the configured policy
C28 ADD-01 REPORTED  cover summary (5 claims) vs provisions: omitted 2; report only, the summary is never applied (A2)
C28 ADD-02 REPORTED  cover summary (7 claims) vs provisions: consequence not mentioned 2, omitted 3, understated 1; report only, the summary is never applied (A2)
C28 ADD-03 REPORTED  cover summary (6 claims) vs provisions: consequence not mentioned 1, not found 1, omitted 5, scope (governing language) 1, unchecked 17, understated 3, unknown verb 1; report only, the summary is never applied (A2)
C46 REPORTED  2 gap(s): ADD-03/3.2 [A1]; ADD-03/7.1 [A1]
C48 ok  200 A1 rows in force at ADD-02: 160 discharged by an activity, 30 reviewed for deviations (the VOL-V volume check), 10 excepted with a reason (listed in a5/requirements_not_carried.csv); not carried: none. Of these, 17 A3 (bid-out) rows: 15 carried, 2 excepted with a reason
RELEASE BLOCKER [coverage] ADD-03 is PARTIAL; unresolved provisions: ['ADD-03:5.1', 'ADD-03:Q19', 'ADD-03:7.3', 'ADD-03:7.4', 'ADD-03:p4-image/hdr-en', 'ADD-03:p4-image/hdr-ar', 'ADD-03:p4-image/date', 'ADD-03:p4-image/ref', 'ADD-03:p4-image/subject', 'ADD-03:p4-image/tender-ref', 'ADD-03:p4-image/table-title', 'ADD-03:p4-image/table-intro', 'ADD-03:p4-image/note2', 'ADD-03:p4-image/note3', 'ADD-03:T5-1/note(1)', 'ADD-03:T5-1/note(2)', 'ADD-03:T5-1/note(3)']
RELEASE BLOCKER [coverage] 2 C46 finding(s): ADD-03/3.2, ADD-03/7.1
RELEASE BLOCKER [coverage] 1 assessment finding(s): ADD-03-2.1-01
RELEASE BLOCKER [coverage] 1 disposition finding(s): VOL-I
RELEASE BLOCKER [stale] 2 row(s) STALE at ADD-03: VOL-I-8.3-01, VOL-II-3.4-01
RELEASE BLOCKER [approval] image readings pending the owner's review: ADD-03-p4-r1
RELEASE BLOCKER [approval] 206 of 206 register rows not accepted by a person (a named decision bound to the current content): proposed 206
RELEASE BLOCKER [approval] 56 of 56 amendment op(s) not accepted by a person (a named decision bound to the current content): proposed 56
OUTPUTS PUBLISHED (WORKING DRAFT (not releasable)): /home/user/tender-pack-reader/staging/ai/runs/ADD-03-run-host-blind05-s12-20261005T183535Z/candidate/out
