Consider using the pymupdf_layout package for a greatly improved page layout analysis.
C01 pass  7 documents match staging/ai/runs/ADD-03-run-host-blind05-s12-20261005T130341Z/candidate/sources/manifest.json (sha256, pages)
C02 pass  37 pages accounted for out of 37
C03 pass  1413 of 1413 content spans assigned to exactly one unit
C04 pass  185 spans excluded, all by declared rules: {'FOOTER-DISCLAIMER': 37, 'FOOTER-PAGE': 37, 'HEADER-REF': 37, 'HEADER-TITLE': 37, 'WATERMARK': 37}; expected-count problems: none
C05 FAIL  3 regions; unread ['ADD-03-p4-r1']; readings failing checks none; readings with no detected region none; readings with PARTIAL render checks none; PENDING HUMAN REVIEW: none
C06 pass  13 superscripts: 12 unit exponents, 1 footnote markers (all paired: True); unclassified 0
C07 pass  575 unit ids; produced more than once: none
C08 pass  1413 content spans; in more than one anchor: none; in no anchor: none; anchored but not on the page: none
C09 pass  segmentation problems: 0
C10 pass  575 units checked in full: text-layer units against spans re-extracted from the PDF (text, cells in order and column, matching text, anchor page and geometry); image-reading units against their region and crops; mismatches: none
STRUCTURAL FAILURE: C05. Previous build kept at staging/ai/runs/ADD-03-run-host-blind05-s12-20261005T130341Z/candidate/build (if any); this build written to staging/ai/runs/ADD-03-run-host-blind05-s12-20261005T130341Z/candidate/build.failed for inspection.
C01 pass  7 documents match staging/ai/runs/ADD-03-run-host-blind05-s12-20261005T130341Z/candidate/sources/manifest.json (sha256, pages)
C02 pass  37 pages accounted for out of 37
C03 pass  1413 of 1413 content spans assigned to exactly one unit
C04 pass  185 spans excluded, all by declared rules: {'FOOTER-DISCLAIMER': 37, 'FOOTER-PAGE': 37, 'HEADER-REF': 37, 'HEADER-TITLE': 37, 'WATERMARK': 37}; expected-count problems: none
C05 pass  3 regions; unread none; readings failing checks none; readings with no detected region none; readings with PARTIAL render checks none; PENDING HUMAN REVIEW: ['ADD-03-p4-r1']
C06 pass  13 superscripts: 12 unit exponents, 1 footnote markers (all paired: True); unclassified 0
C07 pass  602 unit ids; produced more than once: none
C08 pass  1413 content spans; in more than one anchor: none; in no anchor: none; anchored but not on the page: none
C09 pass  segmentation problems: 0
C10 pass  602 units checked in full: text-layer units against spans re-extracted from the PDF (text, cells in order and column, matching text, anchor page and geometry); image-reading units against their region and crops; mismatches: none
PENDING HUMAN REVIEW: ADD-03-p4-r1 (not approved; units from these readings carry reading.status = pending)
STRUCTURE OK. units: 602  ->  staging/ai/runs/ADD-03-run-host-blind05-s12-20261005T130341Z/candidate/build/units.md, coverage.md, exclusions.md, review/
