recorded 0 new row id(s) in /home/user/tender-pack-reader/staging/ai/runs/ADD-03-run-host-blind04-s11-20261004T222214Z/candidate/curation/register/ids.yaml
units: 613 (467 with a disposition); rows: 205; findings: 15
row introduction: 0 explicit (`introduced`, supported), 205 derived from the row's primary unit
C14 (for a person to confirm; not a failure): 16 obligation words in non-requirement units
  [C46] ADD-03/cover/para3: [A1] ADD-03/cover/para3 (annotate) creates or amends an obligation that no A1 row in force at ADD-03 holds: 'This Addendum amends the definition of Estimated Project Cost, the financial capacity requirement in Volume I Clause 8.4 and the delay liquidated damages in Volume V Clause 18.1, relaxes the velocity '
  [C46] ADD-03/cover/para3: [A3] ADD-03/cover/para3 brings in consequence words ['liquidated damages'] that no row's consequence carries at ADD-03: 'This Addendum amends the definition of Estimated Project Cost, the financial capacity requirement in Volume I Clause 8.4 and the delay liquidated damages in Volume V Clause 18.1, relaxes the velocity '
  [C46] ADD-03/4.1(a): [A1] ADD-03/4.1(a) (replace_text) creates or amends an obligation that no A1 row in force at ADD-03 holds: 'In Volume V Clause 18.1, ‘SAR 180,000 for each day of delay’ is deleted and ‘one-twentieth of one per cent (0.05%) of the Estimated Project Cost for each day of delay’ is substituted. Volume V Clause '
  [C46] ADD-03/6.1: [A1] ADD-03/6.1 (replace_unit) creates or amends an obligation that no A1 row in force at ADD-03 holds: 'Table 1-1 (revised) and the Notes to it, issued by Section 3 of Addendum No. 2, are deleted and replaced by the table and Notes below, which add criterion G (energy efficiency). The marks for criteria'
  [C46] ADD-03/6.2(b): [A1] ADD-03/6.2(b) (insert_unit) creates or amends an obligation that no A1 row in force at ADD-03 holds (the item inserted after VOL-I:11.3; a row of the anchor VOL-I:11.3 does not count): 'Volume I Clause 11.3 is deleted and replaced by the following two Clauses: ‘11.3  A Proposal whose technical score is less than seventy per cent (70%) of the total marks available in Table 1-1 shall n'
  [C46] ADD-03/6.2(b): [A3] ADD-03/6.2(b) brings in consequence words ['not proceed'] that no row's consequence carries at ADD-03: 'Volume I Clause 11.3 is deleted and replaced by the following two Clauses: ‘11.3  A Proposal whose technical score is less than seventy per cent (70%) of the total marks available in Table 1-1 shall n'
  [C46] ADD-03/8.1: [A1] ADD-03/8.1 (insert_unit) creates or amends an obligation that no A1 row in force at ADD-03 holds (the item inserted after VOL-I:9.1; a row of the anchor VOL-I:9.1 does not count): 'A new Form 4-H (Declaration of Beneficial Ownership) is added to Volume IV and to the list at Volume I Clause 9.1, to be inserted after Form 4-G. Form 4-H is reproduced at Appendix A to this Addendum.'
  [C46] ADD-03/8.1: [A1] ADD-03/8.1 (insert_unit) creates or amends an obligation that no A1 row in force at ADD-03 holds (the new ADD-03:F4-H; a row of the anchor VOL-I:9.1 does not count): 'A new Form 4-H (Declaration of Beneficial Ownership) is added to Volume IV and to the list at Volume I Clause 9.1, to be inserted after Form 4-G. Form 4-H is reproduced at Appendix A to this Addendum.'
  [C46] ADD-03/8.1: [A3] ADD-03/8.1 brings in consequence words ['non-responsive', 'غير مستجيب'] that no row's consequence carries at ADD-03: 'A new Form 4-H (Declaration of Beneficial Ownership) is added to Volume IV and to the list at Volume I Clause 9.1, to be inserted after Form 4-G. Form 4-H is reproduced at Appendix A to this Addendum.'
  [C46] ADD-03/8.2: [A1] ADD-03/8.2 (annotate) creates or amends an obligation that no A1 row in force at ADD-03 holds: 'Form 4-H shall be completed in the Arabic language, signed and stamped by an authorised signatory of each member of the Bidder. The Arabic text governs. The English translation at Appendix B is provid'
  [C46] ADD-03/8.2: [A3] ADD-03/8.2 brings in consequence words ['non-responsive', 'غير مستجيب'] that no row's consequence carries at ADD-03: 'Form 4-H shall be completed in the Arabic language, signed and stamped by an authorised signatory of each member of the Bidder. The Arabic text governs. The English translation at Appendix B is provid'
  [C46] ADD-03/8.3: [A1] ADD-03/8.3 (annotate) creates or amends an obligation that no A1 row in force at ADD-03 holds: 'Form 4-H shall be submitted with Envelope A. A member of the Bidder that is incorporated outside the Kingdom may instead submit its Form 4-H through the Portal not later than five (5) Working Days aft'
  [C46] ADD-03/8.3: [A3] ADD-03/8.3 brings in consequence words ['non-responsive', 'غير مستجيب'] that no row's consequence carries at ADD-03: 'Form 4-H shall be submitted with Envelope A. A member of the Bidder that is incorporated outside the Kingdom may instead submit its Form 4-H through the Portal not later than five (5) Working Days aft'
  [C46] ADD-03/8.4: [A1] ADD-03/8.4 (annotate) creates or amends an obligation that no A1 row in force at ADD-03 holds: 'Failure to submit a complete and properly executed Form 4-H for each member of the Bidder by the time required by Section 8.3 shall render the Proposal non-responsive.'
  [C46] ADD-03/8.4: [A3] ADD-03/8.4 brings in consequence words ['non-responsive', 'غير مستجيب'] that no row's consequence carries at ADD-03: 'Failure to submit a complete and properly executed Form 4-H for each member of the Bidder by the time required by Section 8.3 shall render the Proposal non-responsive.'
recorded 3 new row id(s) in /home/user/tender-pack-reader/staging/ai/runs/ADD-03-run-host-blind04-s11-20261004T222214Z/candidate/curation/register/ids.yaml
units: 613 (467 with a disposition); rows: 208; findings: 12
row introduction: 3 explicit (`introduced`, supported), 205 derived from the row's primary unit
C14 (for a person to confirm; not a failure): 16 obligation words in non-requirement units
  [disposition] VOL-V: row ADD-03-4.1-01 uses VOL-V:18.1, whose disposition does not list it as a requirement
  [C46] ADD-03/cover/para3: [A3] ADD-03/cover/para3 brings in consequence words ['liquidated damages'] that no row's consequence carries at ADD-03: 'This Addendum amends the definition of Estimated Project Cost, the financial capacity requirement in Volume I Clause 8.4 and the delay liquidated damages in Volume V Clause 18.1, relaxes the velocity '
  [C46] ADD-03/6.1: [A1] ADD-03/6.1 (replace_unit) creates or amends an obligation that no A1 row in force at ADD-03 holds: 'Table 1-1 (revised) and the Notes to it, issued by Section 3 of Addendum No. 2, are deleted and replaced by the table and Notes below, which add criterion G (energy efficiency). The marks for criteria'
  [C46] ADD-03/8.1: [A1] ADD-03/8.1 (insert_unit) creates or amends an obligation that no A1 row in force at ADD-03 holds (the item inserted after VOL-I:9.1; a row of the anchor VOL-I:9.1 does not count): 'A new Form 4-H (Declaration of Beneficial Ownership) is added to Volume IV and to the list at Volume I Clause 9.1, to be inserted after Form 4-G. Form 4-H is reproduced at Appendix A to this Addendum.'
  [C46] ADD-03/8.1: [A1] ADD-03/8.1 (insert_unit) creates or amends an obligation that no A1 row in force at ADD-03 holds (the new ADD-03:F4-H; a row of the anchor VOL-I:9.1 does not count): 'A new Form 4-H (Declaration of Beneficial Ownership) is added to Volume IV and to the list at Volume I Clause 9.1, to be inserted after Form 4-G. Form 4-H is reproduced at Appendix A to this Addendum.'
  [C46] ADD-03/8.1: [A3] ADD-03/8.1 brings in consequence words ['non-responsive', 'غير مستجيب'] that no row's consequence carries at ADD-03: 'A new Form 4-H (Declaration of Beneficial Ownership) is added to Volume IV and to the list at Volume I Clause 9.1, to be inserted after Form 4-G. Form 4-H is reproduced at Appendix A to this Addendum.'
  [C46] ADD-03/8.2: [A1] ADD-03/8.2 (annotate) creates or amends an obligation that no A1 row in force at ADD-03 holds: 'Form 4-H shall be completed in the Arabic language, signed and stamped by an authorised signatory of each member of the Bidder. The Arabic text governs. The English translation at Appendix B is provid'
  [C46] ADD-03/8.2: [A3] ADD-03/8.2 brings in consequence words ['non-responsive', 'غير مستجيب'] that no row's consequence carries at ADD-03: 'Form 4-H shall be completed in the Arabic language, signed and stamped by an authorised signatory of each member of the Bidder. The Arabic text governs. The English translation at Appendix B is provid'
  [C46] ADD-03/8.3: [A1] ADD-03/8.3 (annotate) creates or amends an obligation that no A1 row in force at ADD-03 holds: 'Form 4-H shall be submitted with Envelope A. A member of the Bidder that is incorporated outside the Kingdom may instead submit its Form 4-H through the Portal not later than five (5) Working Days aft'
  [C46] ADD-03/8.3: [A3] ADD-03/8.3 brings in consequence words ['non-responsive', 'غير مستجيب'] that no row's consequence carries at ADD-03: 'Form 4-H shall be submitted with Envelope A. A member of the Bidder that is incorporated outside the Kingdom may instead submit its Form 4-H through the Portal not later than five (5) Working Days aft'
  [C46] ADD-03/8.4: [A1] ADD-03/8.4 (annotate) creates or amends an obligation that no A1 row in force at ADD-03 holds: 'Failure to submit a complete and properly executed Form 4-H for each member of the Bidder by the time required by Section 8.3 shall render the Proposal non-responsive.'
  [C46] ADD-03/8.4: [A3] ADD-03/8.4 brings in consequence words ['non-responsive', 'غير مستجيب'] that no row's consequence carries at ADD-03: 'Failure to submit a complete and properly executed Form 4-H for each member of the Bidder by the time required by Section 8.3 shall render the Proposal non-responsive.'
